You reached the start of the range
Oct 26, 2025, 1:07 PM
Starting Container
Node.js v20.19.5
> NODE_ENV=production node dist/index.js
node:internal/modules/esm/resolve:873
  throw new ERR_MODULE_NOT_FOUND(packageName, fileURLToPath(base), null);
        ^
Error [ERR_MODULE_NOT_FOUND]: Cannot find package 'vite' imported from /app/dist/index.js
    at packageResolve (node:internal/modules/esm/resolve:873:9)
    at moduleResolve (node:internal/modules/esm/resolve:946:18)
> rest-express@1.0.0 start
    at defaultResolve (node:internal/modules/esm/resolve:1188:11)
    at ModuleLoader.defaultResolve (node:internal/modules/esm/loader:708:12)
    at #cachedDefaultResolve (node:internal/modules/esm/loader:657:25)
    at ModuleLoader.resolve (node:internal/modules/esm/loader:640:38)
    at ModuleLoader.getModuleJobForImport (node:internal/modules/esm/loader:264:38)
    at ModuleJob._link (node:internal/modules/esm/module_job:168:49) {
  code: 'ERR_MODULE_NOT_FOUND'
}
> rest-express@1.0.0 start
> NODE_ENV=production node dist/index.js
    at defaultResolve (node:internal/modules/esm/resolve:1188:11)
    at ModuleLoader.defaultResolve (node:internal/modules/esm/loader:708:12)
    at #cachedDefaultResolve (node:internal/modules/esm/loader:657:25)
    at ModuleLoader.resolve (node:internal/modules/esm/loader:640:38)
    at ModuleLoader.getModuleJobForImport (node:internal/modules/esm/loader:264:38)
    at ModuleJob._link (node:internal/modules/esm/module_job:168:49) {
  code: 'ERR_MODULE_NOT_FOUND'
}
node:internal/modules/esm/resolve:873
  throw new ERR_MODULE_NOT_FOUND(packageName, fileURLToPath(base), null);
        ^
Node.js v20.19.5
Error [ERR_MODULE_NOT_FOUND]: Cannot find package 'vite' imported from /app/dist/index.js
    at packageResolve (node:internal/modules/esm/resolve:873:9)
    at moduleResolve (node:internal/modules/esm/resolve:946:18)
> rest-express@1.0.0 start
> NODE_ENV=production node dist/index.js
    at ModuleJob._link (node:internal/modules/esm/module_job:168:49) {
  code: 'ERR_MODULE_NOT_FOUND'
}
Node.js v20.19.5
node:internal/modules/esm/resolve:873
  throw new ERR_MODULE_NOT_FOUND(packageName, fileURLToPath(base), null);
        ^
Error [ERR_MODULE_NOT_FOUND]: Cannot find package 'vite' imported from /app/dist/index.js
    at packageResolve (node:internal/modules/esm/resolve:873:9)
    at moduleResolve (node:internal/modules/esm/resolve:946:18)
    at defaultResolve (node:internal/modules/esm/resolve:1188:11)
    at ModuleLoader.defaultResolve (node:internal/modules/esm/loader:708:12)
    at #cachedDefaultResolve (node:internal/modules/esm/loader:657:25)
    at ModuleLoader.resolve (node:internal/modules/esm/loader:640:38)
    at ModuleLoader.getModuleJobForImport (node:internal/modules/esm/loader:264:38)
> rest-express@1.0.0 start
> NODE_ENV=production node dist/index.js
node:internal/modules/esm/resolve:873
Node.js v20.19.5
  throw new ERR_MODULE_NOT_FOUND(packageName, fileURLToPath(base), null);
        ^
Error [ERR_MODULE_NOT_FOUND]: Cannot find package 'vite' imported from /app/dist/index.js
    at packageResolve (node:internal/modules/esm/resolve:873:9)
    at moduleResolve (node:internal/modules/esm/resolve:946:18)
    at defaultResolve (node:internal/modules/esm/resolve:1188:11)
    at ModuleLoader.defaultResolve (node:internal/modules/esm/loader:708:12)
    at #cachedDefaultResolve (node:internal/modules/esm/loader:657:25)
    at ModuleLoader.resolve (node:internal/modules/esm/loader:640:38)
    at ModuleLoader.getModuleJobForImport (node:internal/modules/esm/loader:264:38)
    at ModuleJob._link (node:internal/modules/esm/module_job:168:49) {
  code: 'ERR_MODULE_NOT_FOUND'
}
> rest-express@1.0.0 start
> NODE_ENV=production node dist/index.js
node:internal/modules/esm/resolve:873
  throw new ERR_MODULE_NOT_FOUND(packageName, fileURLToPath(base), null);
        ^
Error [ERR_MODULE_NOT_FOUND]: Cannot find package 'vite' imported from /app/dist/index.js
    at packageResolve (node:internal/modules/esm/resolve:873:9)
    at moduleResolve (node:internal/modules/esm/resolve:946:18)
    at defaultResolve (node:internal/modules/esm/resolve:1188:11)
    at ModuleLoader.defaultResolve (node:internal/modules/esm/loader:708:12)
    at #cachedDefaultResolve (node:internal/modules/esm/loader:657:25)
    at ModuleLoader.resolve (node:internal/modules/esm/loader:640:38)
    at ModuleLoader.getModuleJobForImport (node:internal/modules/esm/loader:264:38)
    at ModuleJob._link (node:internal/modules/esm/module_job:168:49) {
  code: 'ERR_MODULE_NOT_FOUND'
}
Node.js v20.19.5
> rest-express@1.0.0 start
> NODE_ENV=production node dist/index.js
Error [ERR_MODULE_NOT_FOUND]: Cannot find package 'vite' imported from /app/dist/index.js
    at packageResolve (node:internal/modules/esm/resolve:873:9)
    at moduleResolve (node:internal/modules/esm/resolve:946:18)
    at defaultResolve (node:internal/modules/esm/resolve:1188:11)
    at ModuleLoader.defaultResolve (node:internal/modules/esm/loader:708:12)
    at #cachedDefaultResolve (node:internal/modules/esm/loader:657:25)
    at ModuleLoader.resolve (node:internal/modules/esm/loader:640:38)
    at ModuleLoader.getModuleJobForImport (node:internal/modules/esm/loader:264:38)
    at ModuleJob._link (node:internal/modules/esm/module_job:168:49) {
  code: 'ERR_MODULE_NOT_FOUND'
}
Node.js v20.19.5